Microsoft Windows [Version 10.0.22631.4602]
(c) Microsoft Corporation. All rights reserved.

C:\Users\guide>cd..

C:\Users>cd..

C:\>cd Back

C:\Back>mkdir scripts

C:\Back>cd scripts

C:\Back\scripts>git
usage: git [-v | --version] [-h | --help] [-C <path>] [-c <name>=<value>]
           [--exec-path[=<path>]] [--html-path] [--man-path] [--info-path]
           [-p | --paginate | -P | --no-pager] [--no-replace-objects] [--no-lazy-fetch]
           [--no-optional-locks] [--no-advice] [--bare] [--git-dir=<path>]
           [--work-tree=<path>] [--namespace=<name>] [--config-env=<name>=<envvar>]
           <command> [<args>]

These are common Git commands used in various situations:

start a working area (see also: git help tutorial)
   clone      Clone a repository into a new directory
   init       Create an empty Git repository or reinitialize an existing one

work on the current change (see also: git help everyday)
   add        Add file contents to the index
   mv         Move or rename a file, a directory, or a symlink
   restore    Restore working tree files
   rm         Remove files from the working tree and from the index

examine the history and state (see also: git help revisions)
   bisect     Use binary search to find the commit that introduced a bug
   diff       Show changes between commits, commit and working tree, etc
   grep       Print lines matching a pattern
   log        Show commit logs
   show       Show various types of objects
   status     Show the working tree status

grow, mark and tweak your common history
   backfill   Download missing objects in a partial clone
   branch     List, create, or delete branches
   commit     Record changes to the repository
   merge      Join two or more development histories together
   rebase     Reapply commits on top of another base tip
   reset      Reset current HEAD to the specified state
   switch     Switch branches
   tag        Create, list, delete or verify a tag object signed with GPG

collaborate (see also: git help workflows)
   fetch      Download objects and refs from another repository
   pull       Fetch from and integrate with another repository or a local branch
   push       Update remote refs along with associated objects

'git help -a' and 'git help -g' list available subcommands and some
concept guides. See 'git help <command>' or 'git help <concept>'
to read about a specific subcommand or concept.
See 'git help git' for an overview of the system.

C:\Back\scripts>git config -global user name "raj90"
error: did you mean `--global` (with two dashes)?

C:\Back\scripts>git config --global user name "raj90"
error: key does not contain a section: user

C:\Back\scripts>git init
Initialized empty Git repository in C:/Back/scripts/.git/

C:\Back\scripts>git config --global user name "raj90"
error: key does not contain a section: user

C:\Back\scripts>git config --global user.name "raj90"

C:\Back\scripts>git remote add origin https://github.com/nahi2020/postgres.git

C:\Back\scripts>git add .

C:\Back\scripts>git status
On branch master

No commits yet

Changes to be committed:
  (use "git rm --cached <file>..." to unstage)
        new file:   backup and recovery notes cmd.docx
        new file:   factorial function and delete procedure.docx
        new file:   partitioning.txt
        new file:   postgresql notes daily basis.docx
        new file:   sample database.docx


C:\Back\scripts>git commit -m "uploading scripts"
Author identity unknown

*** Please tell me who you are.

Run

  git config --global user.email "you@example.com"
  git config --global user.name "Your Name"

to set your account's default identity.
Omit --global to set the identity only in this repository.

fatal: unable to auto-detect email address (got 'guide@LAPTOP-PEG1H9JO.(none)')

C:\Back\scripts>git status
On branch master

No commits yet

Changes to be committed:
  (use "git rm --cached <file>..." to unstage)
        new file:   backup and recovery notes cmd.docx
        new file:   factorial function and delete procedure.docx
        new file:   partitioning.txt
        new file:   postgresql notes daily basis.docx
        new file:   sample database.docx


C:\Back\scripts>git config --global user.email "mrajinder14@gmail.com"

C:\Back\scripts>git commit -m "uploading scripts"
[master (root-commit) 5a59008] uploading scripts
 5 files changed, 0 insertions(+), 0 deletions(-)
 create mode 100644 backup and recovery notes cmd.docx
 create mode 100644 factorial function and delete procedure.docx
 create mode 100644 partitioning.txt
 create mode 100644 postgresql notes daily basis.docx
 create mode 100644 sample database.docx

C:\Back\scripts>git status
On branch master
nothing to commit, working tree clean

C:\Back\scripts>git log
commit 5a59008ac026e3bff7dc4d8a6fd35a3eb69065cf (HEAD -> master)
Author: raj90 <mrajinder14@gmail.com>
Date:   Sun Dec 15 06:37:34 2024 -0500

    uploading scripts

C:\Back\scripts>git branch -m main

C:\Back\scripts>git push -u origin main
info: please complete authentication in your browser...
Enumerating objects: 7, done.
Counting objects: 100% (7/7), done.
Delta compression using up to 16 threads
Compressing objects: 100% (6/6), done.
Writing objects: 100% (7/7), 149.38 KiB | 13.58 MiB/s, done.
Total 7 (delta 0), reused 0 (delta 0), pack-reused 0 (from 0)
To https://github.com/nahi2020/postgres.git
 * [new branch]      main -> main
branch 'main' set up to track 'origin/main'.
